[0.120s] DEBUG:colcon:Command line arguments: ['/usr/bin/colcon', 'build', '--packages-select', 'my_talklist']
[0.120s] DEBUG:colcon:Parsed command line arguments: Namespace(log_base=None, log_level=None, verb_name='build', build_base='build', install_base='install', merge_install=False, symlink_install=False, test_result_base=None, continue_on_error=False, executor='parallel', parallel_workers=12, event_handlers=None, ignore_user_meta=False, metas=['./colcon.meta'], base_paths=['.'], packages_ignore=None, packages_ignore_regex=None, paths=None, packages_up_to=None, packages_up_to_regex=None, packages_above=None, packages_above_and_dependencies=None, packages_above_depth=None, packages_select_by_dep=None, packages_skip_by_dep=None, packages_skip_up_to=None, packages_select_build_failed=False, packages_skip_build_finished=False, packages_select_test_failures=False, packages_skip_test_passed=False, packages_select=['my_talklist'], packages_skip=None, packages_select_regex=None, packages_skip_regex=None, packages_start=None, packages_end=None, cmake_args=None, cmake_target=None, cmake_target_skip_unavailable=False, cmake_clean_cache=False, cmake_clean_first=False, cmake_force_configure=False, ament_cmake_args=None, catkin_cmake_args=None, catkin_skip_building_tests=False, verb_parser=<colcon_defaults.argument_parser.defaults.DefaultArgumentsDecorator object at 0x77a754008590>, verb_extension=<colcon_core.verb.build.BuildVerb object at 0x77a754138680>, main=<bound method BuildVerb.main of <colcon_core.verb.build.BuildVerb object at 0x77a754138680>>)
[0.158s] Level 1:colcon.colcon_core.package_discovery:discover_packages(colcon_meta) check parameters
[0.158s] Level 1:colcon.colcon_core.package_discovery:discover_packages(recursive) check parameters
[0.158s] Level 1:colcon.colcon_core.package_discovery:discover_packages(ignore) check parameters
[0.158s] Level 1:colcon.colcon_core.package_discovery:discover_packages(path) check parameters
[0.158s] Level 1:colcon.colcon_core.package_discovery:discover_packages(colcon_meta) discover
[0.158s] Level 1:colcon.colcon_core.package_discovery:discover_packages(recursive) discover
[0.158s] INFO:colcon.colcon_core.package_discovery:Crawling recursively for packages in '/home/phant0mz3ro/Documents/aurora/practice/ros2/intro-to-urdf/amr_ws'
[0.158s] Level 1:colcon.colcon_core.package_identification:_identify(.) by extensions ['ignore', 'ignore_ament_install']
[0.158s] Level 1:colcon.colcon_core.package_identification:_identify(.) by extension 'ignore'
[0.158s] Level 1:colcon.colcon_core.package_identification:_identify(.) by extension 'ignore_ament_install'
[0.158s] Level 1:colcon.colcon_core.package_identification:_identify(.) by extensions ['colcon_pkg']
[0.158s] Level 1:colcon.colcon_core.package_identification:_identify(.) by extension 'colcon_pkg'
[0.158s] Level 1:colcon.colcon_core.package_identification:_identify(.) by extensions ['colcon_meta']
[0.158s] Level 1:colcon.colcon_core.package_identification:_identify(.) by extension 'colcon_meta'
[0.158s] Level 1:colcon.colcon_core.package_identification:_identify(.) by extensions ['ros']
[0.158s] Level 1:colcon.colcon_core.package_identification:_identify(.) by extension 'ros'
[0.183s] Level 1:colcon.colcon_core.package_identification:_identify(.) by extensions ['cmake', 'python']
[0.183s] Level 1:colcon.colcon_core.package_identification:_identify(.) by extension 'cmake'
[0.183s] Level 1:colcon.colcon_core.package_identification:_identify(.) by extension 'python'
[0.183s] Level 1:colcon.colcon_core.package_identification:_identify(.) by extensions ['python_setup_py']
[0.183s] Level 1:colcon.colcon_core.package_identification:_identify(.) by extension 'python_setup_py'
[0.183s] Level 1:colcon.colcon_core.package_identification:_identify(build) by extensions ['ignore', 'ignore_ament_install']
[0.183s] Level 1:colcon.colcon_core.package_identification:_identify(build) by extension 'ignore'
[0.183s] Level 1:colcon.colcon_core.package_identification:_identify(build) ignored
[0.183s] Level 1:colcon.colcon_core.package_identification:_identify(install) by extensions ['ignore', 'ignore_ament_install']
[0.184s] Level 1:colcon.colcon_core.package_identification:_identify(install) by extension 'ignore'
[0.184s] Level 1:colcon.colcon_core.package_identification:_identify(install) ignored
[0.184s] Level 1:colcon.colcon_core.package_identification:_identify(log) by extensions ['ignore', 'ignore_ament_install']
[0.184s] Level 1:colcon.colcon_core.package_identification:_identify(log) by extension 'ignore'
[0.184s] Level 1:colcon.colcon_core.package_identification:_identify(log) ignored
[0.184s] Level 1:colcon.colcon_core.package_identification:_identify(src) by extensions ['ignore', 'ignore_ament_install']
[0.184s] Level 1:colcon.colcon_core.package_identification:_identify(src) by extension 'ignore'
[0.184s] Level 1:colcon.colcon_core.package_identification:_identify(src) by extension 'ignore_ament_install'
[0.184s] Level 1:colcon.colcon_core.package_identification:_identify(src) by extensions ['colcon_pkg']
[0.184s] Level 1:colcon.colcon_core.package_identification:_identify(src) by extension 'colcon_pkg'
[0.184s] Level 1:colcon.colcon_core.package_identification:_identify(src) by extensions ['colcon_meta']
[0.184s] Level 1:colcon.colcon_core.package_identification:_identify(src) by extension 'colcon_meta'
[0.184s] Level 1:colcon.colcon_core.package_identification:_identify(src) by extensions ['ros']
[0.184s] Level 1:colcon.colcon_core.package_identification:_identify(src) by extension 'ros'
[0.184s] Level 1:colcon.colcon_core.package_identification:_identify(src) by extensions ['cmake', 'python']
[0.184s] Level 1:colcon.colcon_core.package_identification:_identify(src) by extension 'cmake'
[0.184s] Level 1:colcon.colcon_core.package_identification:_identify(src) by extension 'python'
[0.184s] Level 1:colcon.colcon_core.package_identification:_identify(src) by extensions ['python_setup_py']
[0.184s] Level 1:colcon.colcon_core.package_identification:_identify(src) by extension 'python_setup_py'
[0.185s] Level 1:colcon.colcon_core.package_identification:_identify(src/amr_description) by extensions ['ignore', 'ignore_ament_install']
[0.185s] Level 1:colcon.colcon_core.package_identification:_identify(src/amr_description) by extension 'ignore'
[0.185s] Level 1:colcon.colcon_core.package_identification:_identify(src/amr_description) by extension 'ignore_ament_install'
[0.185s] Level 1:colcon.colcon_core.package_identification:_identify(src/amr_description) by extensions ['colcon_pkg']
[0.185s] Level 1:colcon.colcon_core.package_identification:_identify(src/amr_description) by extension 'colcon_pkg'
[0.185s] Level 1:colcon.colcon_core.package_identification:_identify(src/amr_description) by extensions ['colcon_meta']
[0.185s] Level 1:colcon.colcon_core.package_identification:_identify(src/amr_description) by extension 'colcon_meta'
[0.185s] Level 1:colcon.colcon_core.package_identification:_identify(src/amr_description) by extensions ['ros']
[0.185s] Level 1:colcon.colcon_core.package_identification:_identify(src/amr_description) by extension 'ros'
[0.187s] DEBUG:colcon.colcon_core.package_identification:Package 'src/amr_description' with type 'ros.ament_cmake' and name 'amr_description'
[0.187s] Level 1:colcon.colcon_core.package_identification:_identify(src/my_talklist) by extensions ['ignore', 'ignore_ament_install']
[0.187s] Level 1:colcon.colcon_core.package_identification:_identify(src/my_talklist) by extension 'ignore'
[0.187s] Level 1:colcon.colcon_core.package_identification:_identify(src/my_talklist) by extension 'ignore_ament_install'
[0.187s] Level 1:colcon.colcon_core.package_identification:_identify(src/my_talklist) by extensions ['colcon_pkg']
[0.187s] Level 1:colcon.colcon_core.package_identification:_identify(src/my_talklist) by extension 'colcon_pkg'
[0.187s] Level 1:colcon.colcon_core.package_identification:_identify(src/my_talklist) by extensions ['colcon_meta']
[0.187s] Level 1:colcon.colcon_core.package_identification:_identify(src/my_talklist) by extension 'colcon_meta'
[0.187s] Level 1:colcon.colcon_core.package_identification:_identify(src/my_talklist) by extensions ['ros']
[0.187s] Level 1:colcon.colcon_core.package_identification:_identify(src/my_talklist) by extension 'ros'
[0.188s] DEBUG:colcon.colcon_core.package_identification:Package 'src/my_talklist' with type 'ros.ament_python' and name 'my_talklist'
[0.188s] Level 1:colcon.colcon_core.package_discovery:discover_packages(recursive) using defaults
[0.188s] Level 1:colcon.colcon_core.package_discovery:discover_packages(ignore) discover
[0.188s] Level 1:colcon.colcon_core.package_discovery:discover_packages(ignore) using defaults
[0.188s] Level 1:colcon.colcon_core.package_discovery:discover_packages(path) discover
[0.188s] Level 1:colcon.colcon_core.package_discovery:discover_packages(path) using defaults
[0.205s] INFO:colcon.colcon_core.package_selection:Skipping not selected package 'amr_description' in 'src/amr_description'
[0.206s] Level 5:colcon.colcon_core.verb:set package 'my_talklist' build argument 'cmake_args' from command line to 'None'
[0.206s] Level 5:colcon.colcon_core.verb:set package 'my_talklist' build argument 'cmake_target' from command line to 'None'
[0.206s] Level 5:colcon.colcon_core.verb:set package 'my_talklist' build argument 'cmake_target_skip_unavailable' from command line to 'False'
[0.206s] Level 5:colcon.colcon_core.verb:set package 'my_talklist' build argument 'cmake_clean_cache' from command line to 'False'
[0.206s] Level 5:colcon.colcon_core.verb:set package 'my_talklist' build argument 'cmake_clean_first' from command line to 'False'
[0.206s] Level 5:colcon.colcon_core.verb:set package 'my_talklist' build argument 'cmake_force_configure' from command line to 'False'
[0.206s] Level 5:colcon.colcon_core.verb:set package 'my_talklist' build argument 'ament_cmake_args' from command line to 'None'
[0.206s] Level 5:colcon.colcon_core.verb:set package 'my_talklist' build argument 'catkin_cmake_args' from command line to 'None'
[0.206s] Level 5:colcon.colcon_core.verb:set package 'my_talklist' build argument 'catkin_skip_building_tests' from command line to 'False'
[0.206s] DEBUG:colcon.colcon_core.verb:Building package 'my_talklist' with the following arguments: {'ament_cmake_args': None, 'build_base': '/home/phant0mz3ro/Documents/aurora/practice/ros2/intro-to-urdf/amr_ws/build/my_talklist', 'catkin_cmake_args': None, 'catkin_skip_building_tests': False, 'cmake_args': None, 'cmake_clean_cache': False, 'cmake_clean_first': False, 'cmake_force_configure': False, 'cmake_target': None, 'cmake_target_skip_unavailable': False, 'install_base': '/home/phant0mz3ro/Documents/aurora/practice/ros2/intro-to-urdf/amr_ws/install/my_talklist', 'merge_install': False, 'path': '/home/phant0mz3ro/Documents/aurora/practice/ros2/intro-to-urdf/amr_ws/src/my_talklist', 'symlink_install': False, 'test_result_base': None}
[0.206s] INFO:colcon.colcon_core.executor:Executing jobs using 'parallel' executor
[0.207s] DEBUG:colcon.colcon_parallel_executor.executor.parallel:run_until_complete
[0.207s] INFO:colcon.colcon_ros.task.ament_python.build:Building ROS package in '/home/phant0mz3ro/Documents/aurora/practice/ros2/intro-to-urdf/amr_ws/src/my_talklist' with build type 'ament_python'
[0.207s] Level 1:colcon.colcon_core.shell:create_environment_hook('my_talklist', 'ament_prefix_path')
[0.209s] INFO:colcon.colcon_core.plugin_system:Skipping extension 'colcon_core.shell.bat': Not used on non-Windows systems
[0.209s] INFO:colcon.colcon_core.shell:Creating environment descriptor '/home/phant0mz3ro/Documents/aurora/practice/ros2/intro-to-urdf/amr_ws/install/my_talklist/share/my_talklist/hook/ament_prefix_path.dsv'
[0.210s] INFO:colcon.colcon_core.shell:Creating environment hook '/home/phant0mz3ro/Documents/aurora/practice/ros2/intro-to-urdf/amr_ws/install/my_talklist/share/my_talklist/hook/ament_prefix_path.sh'
[0.210s] DEBUG:colcon.colcon_core.shell:Skip shell extension 'dsv' for command environment
[4.926s] INFO:colcon.colcon_core.task.python.build:Building Python package in '/home/phant0mz3ro/Documents/aurora/practice/ros2/intro-to-urdf/amr_ws/src/my_talklist'
[4.926s] DEBUG:colcon.colcon_core.shell:Skip shell extension 'dsv' for command environment
[25.891s] DEBUG:colcon.colcon_core.event_handler.log_command:Invoking command in '/home/phant0mz3ro/Documents/aurora/practice/ros2/intro-to-urdf/amr_ws/src/my_talklist': DEBUGINFOD_URLS=https://debuginfod.ubuntu.com PYTHONPATH=/home/phant0mz3ro/Documents/aurora/practice/ros2/intro-to-urdf/amr_ws/build/my_talklist/prefix_override:/usr/lib/python3/dist-packages/colcon_core/task/python/colcon_distutils_commands:/home/phant0mz3ro/Documents/aurora/practice/ros2/intro-to-urdf/amr_ws/install/my_talklist/lib/python3.12/site-packages:${PYTHONPATH} /usr/bin/python3 -W ignore:setup.py install is deprecated -W ignore:easy_install command is deprecated setup.py egg_info --egg-base ../../build/my_talklist build --build-base /home/phant0mz3ro/Documents/aurora/practice/ros2/intro-to-urdf/amr_ws/build/my_talklist/build install --record /home/phant0mz3ro/Documents/aurora/practice/ros2/intro-to-urdf/amr_ws/build/my_talklist/install.log --single-version-externally-managed install_data
[26.492s] DEBUG:colcon.colcon_core.event_handler.log_command:Invoked command in '/home/phant0mz3ro/Documents/aurora/practice/ros2/intro-to-urdf/amr_ws/src/my_talklist' returned '0': DEBUGINFOD_URLS=https://debuginfod.ubuntu.com PYTHONPATH=/home/phant0mz3ro/Documents/aurora/practice/ros2/intro-to-urdf/amr_ws/build/my_talklist/prefix_override:/usr/lib/python3/dist-packages/colcon_core/task/python/colcon_distutils_commands:/home/phant0mz3ro/Documents/aurora/practice/ros2/intro-to-urdf/amr_ws/install/my_talklist/lib/python3.12/site-packages:${PYTHONPATH} /usr/bin/python3 -W ignore:setup.py install is deprecated -W ignore:easy_install command is deprecated setup.py egg_info --egg-base ../../build/my_talklist build --build-base /home/phant0mz3ro/Documents/aurora/practice/ros2/intro-to-urdf/amr_ws/build/my_talklist/build install --record /home/phant0mz3ro/Documents/aurora/practice/ros2/intro-to-urdf/amr_ws/build/my_talklist/install.log --single-version-externally-managed install_data
[26.494s] Level 1:colcon.colcon_core.environment:checking '/home/phant0mz3ro/Documents/aurora/practice/ros2/intro-to-urdf/amr_ws/install/my_talklist' for CMake module files
[26.494s] Level 1:colcon.colcon_core.environment:checking '/home/phant0mz3ro/Documents/aurora/practice/ros2/intro-to-urdf/amr_ws/install/my_talklist' for CMake config files
[26.495s] Level 1:colcon.colcon_core.environment:checking '/home/phant0mz3ro/Documents/aurora/practice/ros2/intro-to-urdf/amr_ws/install/my_talklist/lib'
[26.495s] Level 1:colcon.colcon_core.environment:checking '/home/phant0mz3ro/Documents/aurora/practice/ros2/intro-to-urdf/amr_ws/install/my_talklist/bin'
[26.495s] Level 1:colcon.colcon_core.environment:checking '/home/phant0mz3ro/Documents/aurora/practice/ros2/intro-to-urdf/amr_ws/install/my_talklist/lib/pkgconfig/my_talklist.pc'
[26.495s] Level 1:colcon.colcon_core.environment:checking '/home/phant0mz3ro/Documents/aurora/practice/ros2/intro-to-urdf/amr_ws/install/my_talklist/lib/python3.12/site-packages'
[26.495s] Level 1:colcon.colcon_core.shell:create_environment_hook('my_talklist', 'pythonpath')
[26.495s] INFO:colcon.colcon_core.shell:Creating environment descriptor '/home/phant0mz3ro/Documents/aurora/practice/ros2/intro-to-urdf/amr_ws/install/my_talklist/share/my_talklist/hook/pythonpath.dsv'
[26.496s] INFO:colcon.colcon_core.shell:Creating environment hook '/home/phant0mz3ro/Documents/aurora/practice/ros2/intro-to-urdf/amr_ws/install/my_talklist/share/my_talklist/hook/pythonpath.sh'
[26.497s] Level 1:colcon.colcon_core.environment:checking '/home/phant0mz3ro/Documents/aurora/practice/ros2/intro-to-urdf/amr_ws/install/my_talklist/bin'
[26.497s] Level 1:colcon.colcon_core.environment:create_environment_scripts_only(my_talklist)
[26.497s] INFO:colcon.colcon_core.shell:Creating package descriptor '/home/phant0mz3ro/Documents/aurora/practice/ros2/intro-to-urdf/amr_ws/install/my_talklist/share/my_talklist/package.dsv'
[26.498s] INFO:colcon.colcon_core.shell:Creating package script '/home/phant0mz3ro/Documents/aurora/practice/ros2/intro-to-urdf/amr_ws/install/my_talklist/share/my_talklist/package.sh'
[26.498s] INFO:colcon.colcon_core.shell:Creating package script '/home/phant0mz3ro/Documents/aurora/practice/ros2/intro-to-urdf/amr_ws/install/my_talklist/share/my_talklist/package.bash'
[26.499s] INFO:colcon.colcon_core.shell:Creating package script '/home/phant0mz3ro/Documents/aurora/practice/ros2/intro-to-urdf/amr_ws/install/my_talklist/share/my_talklist/package.zsh'
[26.499s] Level 1:colcon.colcon_core.environment:create_file_with_runtime_dependencies(/home/phant0mz3ro/Documents/aurora/practice/ros2/intro-to-urdf/amr_ws/install/my_talklist/share/colcon-core/packages/my_talklist)
[26.500s] DEBUG:colcon.colcon_parallel_executor.executor.parallel:closing loop
[26.500s] DEBUG:colcon.colcon_parallel_executor.executor.parallel:loop closed
[26.500s] DEBUG:colcon.colcon_parallel_executor.executor.parallel:run_until_complete finished with '0'
[26.500s] DEBUG:colcon.colcon_core.event_reactor:joining thread
[26.505s] INFO:colcon.colcon_core.plugin_system:Skipping extension 'colcon_notification.desktop_notification.terminal_notifier': Not used on non-Darwin systems
[26.505s] INFO:colcon.colcon_core.plugin_system:Skipping extension 'colcon_notification.desktop_notification.win32': Not used on non-Windows systems
[26.505s] INFO:colcon.colcon_notification.desktop_notification:Sending desktop notification using 'notify2'
[26.519s] DEBUG:colcon.colcon_core.event_reactor:joined thread
[26.520s] INFO:colcon.colcon_core.shell:Creating prefix script '/home/phant0mz3ro/Documents/aurora/practice/ros2/intro-to-urdf/amr_ws/install/local_setup.sh'
[26.520s] INFO:colcon.colcon_core.shell:Creating prefix util module '/home/phant0mz3ro/Documents/aurora/practice/ros2/intro-to-urdf/amr_ws/install/_local_setup_util_sh.py'
[26.522s] INFO:colcon.colcon_core.shell:Creating prefix chain script '/home/phant0mz3ro/Documents/aurora/practice/ros2/intro-to-urdf/amr_ws/install/setup.sh'
[26.524s] INFO:colcon.colcon_core.shell:Creating prefix script '/home/phant0mz3ro/Documents/aurora/practice/ros2/intro-to-urdf/amr_ws/install/local_setup.bash'
[26.525s] INFO:colcon.colcon_core.shell:Creating prefix chain script '/home/phant0mz3ro/Documents/aurora/practice/ros2/intro-to-urdf/amr_ws/install/setup.bash'
[26.526s] INFO:colcon.colcon_core.shell:Creating prefix script '/home/phant0mz3ro/Documents/aurora/practice/ros2/intro-to-urdf/amr_ws/install/local_setup.zsh'
[26.527s] INFO:colcon.colcon_core.shell:Creating prefix chain script '/home/phant0mz3ro/Documents/aurora/practice/ros2/intro-to-urdf/amr_ws/install/setup.zsh'
