running egg_info
creating ../../build/my_talklist/my_talklist.egg-info
writing ../../build/my_talklist/my_talklist.egg-info/PKG-INFO
writing dependency_links to ../../build/my_talklist/my_talklist.egg-info/dependency_links.txt
writing entry points to ../../build/my_talklist/my_talklist.egg-info/entry_points.txt
writing requirements to ../../build/my_talklist/my_talklist.egg-info/requires.txt
writing top-level names to ../../build/my_talklist/my_talklist.egg-info/top_level.txt
writing manifest file '../../build/my_talklist/my_talklist.egg-info/SOURCES.txt'
reading manifest file '../../build/my_talklist/my_talklist.egg-info/SOURCES.txt'
writing manifest file '../../build/my_talklist/my_talklist.egg-info/SOURCES.txt'
running build
running build_py
creating /home/phant0mz3ro/Documents/aurora/practice/ros2/intro-to-urdf/amr_ws/build/my_talklist/build
creating /home/phant0mz3ro/Documents/aurora/practice/ros2/intro-to-urdf/amr_ws/build/my_talklist/build/lib
creating /home/phant0mz3ro/Documents/aurora/practice/ros2/intro-to-urdf/amr_ws/build/my_talklist/build/lib/my_talklist
copying my_talklist/listener.py -> /home/phant0mz3ro/Documents/aurora/practice/ros2/intro-to-urdf/amr_ws/build/my_talklist/build/lib/my_talklist
copying my_talklist/talker.py -> /home/phant0mz3ro/Documents/aurora/practice/ros2/intro-to-urdf/amr_ws/build/my_talklist/build/lib/my_talklist
copying my_talklist/__init__.py -> /home/phant0mz3ro/Documents/aurora/practice/ros2/intro-to-urdf/amr_ws/build/my_talklist/build/lib/my_talklist
running install
running install_lib
creating /home/phant0mz3ro/Documents/aurora/practice/ros2/intro-to-urdf/amr_ws/install/my_talklist/lib/python3.12/site-packages/my_talklist
copying /home/phant0mz3ro/Documents/aurora/practice/ros2/intro-to-urdf/amr_ws/build/my_talklist/build/lib/my_talklist/listener.py -> /home/phant0mz3ro/Documents/aurora/practice/ros2/intro-to-urdf/amr_ws/install/my_talklist/lib/python3.12/site-packages/my_talklist
copying /home/phant0mz3ro/Documents/aurora/practice/ros2/intro-to-urdf/amr_ws/build/my_talklist/build/lib/my_talklist/talker.py -> /home/phant0mz3ro/Documents/aurora/practice/ros2/intro-to-urdf/amr_ws/install/my_talklist/lib/python3.12/site-packages/my_talklist
copying /home/phant0mz3ro/Documents/aurora/practice/ros2/intro-to-urdf/amr_ws/build/my_talklist/build/lib/my_talklist/__init__.py -> /home/phant0mz3ro/Documents/aurora/practice/ros2/intro-to-urdf/amr_ws/install/my_talklist/lib/python3.12/site-packages/my_talklist
byte-compiling /home/phant0mz3ro/Documents/aurora/practice/ros2/intro-to-urdf/amr_ws/install/my_talklist/lib/python3.12/site-packages/my_talklist/listener.py to listener.cpython-312.pyc
byte-compiling /home/phant0mz3ro/Documents/aurora/practice/ros2/intro-to-urdf/amr_ws/install/my_talklist/lib/python3.12/site-packages/my_talklist/talker.py to talker.cpython-312.pyc
byte-compiling /home/phant0mz3ro/Documents/aurora/practice/ros2/intro-to-urdf/amr_ws/install/my_talklist/lib/python3.12/site-packages/my_talklist/__init__.py to __init__.cpython-312.pyc
running install_data
creating /home/phant0mz3ro/Documents/aurora/practice/ros2/intro-to-urdf/amr_ws/install/my_talklist/share/ament_index
creating /home/phant0mz3ro/Documents/aurora/practice/ros2/intro-to-urdf/amr_ws/install/my_talklist/share/ament_index/resource_index
creating /home/phant0mz3ro/Documents/aurora/practice/ros2/intro-to-urdf/amr_ws/install/my_talklist/share/ament_index/resource_index/packages
copying resource/my_talklist -> /home/phant0mz3ro/Documents/aurora/practice/ros2/intro-to-urdf/amr_ws/install/my_talklist/share/ament_index/resource_index/packages
copying package.xml -> /home/phant0mz3ro/Documents/aurora/practice/ros2/intro-to-urdf/amr_ws/install/my_talklist/share/my_talklist
running install_egg_info
Copying ../../build/my_talklist/my_talklist.egg-info to /home/phant0mz3ro/Documents/aurora/practice/ros2/intro-to-urdf/amr_ws/install/my_talklist/lib/python3.12/site-packages/my_talklist-0.0.0-py3.12.egg-info
running install_scripts
Installing listener script to /home/phant0mz3ro/Documents/aurora/practice/ros2/intro-to-urdf/amr_ws/install/my_talklist/lib/my_talklist
Installing talker script to /home/phant0mz3ro/Documents/aurora/practice/ros2/intro-to-urdf/amr_ws/install/my_talklist/lib/my_talklist
writing list of installed files to '/home/phant0mz3ro/Documents/aurora/practice/ros2/intro-to-urdf/amr_ws/build/my_talklist/install.log'
