-- Install configuration: ""
-- Up-to-date: /home/phant0mz3ro/Documents/aurora/practice/ros2/intro-to-urdf/amr_ws/install/amr_description/share/amr_description/launch
-- Up-to-date: /home/phant0mz3ro/Documents/aurora/practice/ros2/intro-to-urdf/amr_ws/install/amr_description/share/amr_description/launch/sim.launch.py
-- Up-to-date: /home/phant0mz3ro/Documents/aurora/practice/ros2/intro-to-urdf/amr_ws/install/amr_description/share/amr_description/urdf
-- Up-to-date: /home/phant0mz3ro/Documents/aurora/practice/ros2/intro-to-urdf/amr_ws/install/amr_description/share/amr_description/urdf/robot.urdf.xacro
-- Up-to-date: /home/phant0mz3ro/Documents/aurora/practice/ros2/intro-to-urdf/amr_ws/install/amr_description/share/amr_description/urdf/amr.urdf
-- Up-to-date: /home/phant0mz3ro/Documents/aurora/practice/ros2/intro-to-urdf/amr_ws/install/amr_description/share/ament_index/resource_index/package_run_dependencies/amr_description
-- Up-to-date: /home/phant0mz3ro/Documents/aurora/practice/ros2/intro-to-urdf/amr_ws/install/amr_description/share/ament_index/resource_index/parent_prefix_path/amr_description
-- Up-to-date: /home/phant0mz3ro/Documents/aurora/practice/ros2/intro-to-urdf/amr_ws/install/amr_description/share/amr_description/environment/ament_prefix_path.sh
-- Up-to-date: /home/phant0mz3ro/Documents/aurora/practice/ros2/intro-to-urdf/amr_ws/install/amr_description/share/amr_description/environment/ament_prefix_path.dsv
-- Up-to-date: /home/phant0mz3ro/Documents/aurora/practice/ros2/intro-to-urdf/amr_ws/install/amr_description/share/amr_description/environment/path.sh
-- Up-to-date: /home/phant0mz3ro/Documents/aurora/practice/ros2/intro-to-urdf/amr_ws/install/amr_description/share/amr_description/environment/path.dsv
-- Up-to-date: /home/phant0mz3ro/Documents/aurora/practice/ros2/intro-to-urdf/amr_ws/install/amr_description/share/amr_description/local_setup.bash
-- Up-to-date: /home/phant0mz3ro/Documents/aurora/practice/ros2/intro-to-urdf/amr_ws/install/amr_description/share/amr_description/local_setup.sh
-- Up-to-date: /home/phant0mz3ro/Documents/aurora/practice/ros2/intro-to-urdf/amr_ws/install/amr_description/share/amr_description/local_setup.zsh
-- Up-to-date: /home/phant0mz3ro/Documents/aurora/practice/ros2/intro-to-urdf/amr_ws/install/amr_description/share/amr_description/local_setup.dsv
-- Installing: /home/phant0mz3ro/Documents/aurora/practice/ros2/intro-to-urdf/amr_ws/install/amr_description/share/amr_description/package.dsv
-- Up-to-date: /home/phant0mz3ro/Documents/aurora/practice/ros2/intro-to-urdf/amr_ws/install/amr_description/share/ament_index/resource_index/packages/amr_description
-- Up-to-date: /home/phant0mz3ro/Documents/aurora/practice/ros2/intro-to-urdf/amr_ws/install/amr_description/share/amr_description/cmake/amr_descriptionConfig.cmake
-- Up-to-date: /home/phant0mz3ro/Documents/aurora/practice/ros2/intro-to-urdf/amr_ws/install/amr_description/share/amr_description/cmake/amr_descriptionConfig-version.cmake
-- Up-to-date: /home/phant0mz3ro/Documents/aurora/practice/ros2/intro-to-urdf/amr_ws/install/amr_description/share/amr_description/package.xml
