[0.010s] Invoking command in '/home/phant0mz3ro/Documents/aurora/practice/ros2/intro-to-urdf/amr_ws/build/amr_description': CMAKE_PREFIX_PATH=${CMAKE_PREFIX_PATH}:/opt/ros/jazzy DEBUGINFOD_URLS=https://debuginfod.ubuntu.com /usr/bin/cmake /home/phant0mz3ro/Documents/aurora/practice/ros2/intro-to-urdf/amr_ws/src/amr_description -DCMAKE_INSTALL_PREFIX=/home/phant0mz3ro/Documents/aurora/practice/ros2/intro-to-urdf/amr_ws/install/amr_description
[0.073s] -- The C compiler identification is GNU 13.3.0
[0.286s] -- The CXX compiler identification is GNU 13.3.0
[0.352s] -- Detecting C compiler ABI info
[0.710s] -- Detecting C compiler ABI info - done
[0.756s] -- Check for working C compiler: /usr/bin/cc - skipped
[0.757s] -- Detecting C compile features
[0.759s] -- Detecting C compile features - done
[0.797s] -- Detecting CXX compiler ABI info
[1.199s] -- Detecting CXX compiler ABI info - done
[1.243s] -- Check for working CXX compiler: /usr/bin/c++ - skipped
[1.244s] -- Detecting CXX compile features
[1.246s] -- Detecting CXX compile features - done
[1.264s] -- Found ament_cmake: 2.5.6 (/opt/ros/jazzy/share/ament_cmake/cmake)
[1.860s] -- Found Python3: /usr/bin/python3 (found version "3.12.3") found components: Interpreter 
[2.170s] -- Found ament_lint_auto: 0.17.5 (/opt/ros/jazzy/share/ament_lint_auto/cmake)
[2.531s] -- Added test 'cppcheck' to perform static code analysis on C / C++ code
[2.532s] -- Configured cppcheck include dirs: 
[2.532s] -- Configured cppcheck exclude dirs and/or files: 
[2.540s] -- Added test 'flake8' to check Python code syntax and style conventions
[2.540s] -- Configured 'flake8' exclude dirs and/or files: 
[2.552s] -- Added test 'lint_cmake' to check CMake code style
[2.560s] -- Added test 'pep257' to check Python code against some of the docstring style conventions in PEP 257
[2.601s] -- Added test 'uncrustify' to check C / C++ code style
[2.602s] -- Configured uncrustify additional arguments: 
[2.609s] -- Added test 'xmllint' to check XML markup files
[2.616s] -- Configuring done (2.6s)
[2.628s] -- Generating done (0.0s)
[2.634s] -- Build files have been written to: /home/phant0mz3ro/Documents/aurora/practice/ros2/intro-to-urdf/amr_ws/build/amr_description
[2.648s] Invoked command in '/home/phant0mz3ro/Documents/aurora/practice/ros2/intro-to-urdf/amr_ws/build/amr_description' returned '0': CMAKE_PREFIX_PATH=${CMAKE_PREFIX_PATH}:/opt/ros/jazzy DEBUGINFOD_URLS=https://debuginfod.ubuntu.com /usr/bin/cmake /home/phant0mz3ro/Documents/aurora/practice/ros2/intro-to-urdf/amr_ws/src/amr_description -DCMAKE_INSTALL_PREFIX=/home/phant0mz3ro/Documents/aurora/practice/ros2/intro-to-urdf/amr_ws/install/amr_description
[2.652s] Invoking command in '/home/phant0mz3ro/Documents/aurora/practice/ros2/intro-to-urdf/amr_ws/build/amr_description': CMAKE_PREFIX_PATH=${CMAKE_PREFIX_PATH}:/opt/ros/jazzy DEBUGINFOD_URLS=https://debuginfod.ubuntu.com /usr/bin/cmake --build /home/phant0mz3ro/Documents/aurora/practice/ros2/intro-to-urdf/amr_ws/build/amr_description -- -j12 -l12
[2.793s] Invoked command in '/home/phant0mz3ro/Documents/aurora/practice/ros2/intro-to-urdf/amr_ws/build/amr_description' returned '0': CMAKE_PREFIX_PATH=${CMAKE_PREFIX_PATH}:/opt/ros/jazzy DEBUGINFOD_URLS=https://debuginfod.ubuntu.com /usr/bin/cmake --build /home/phant0mz3ro/Documents/aurora/practice/ros2/intro-to-urdf/amr_ws/build/amr_description -- -j12 -l12
[2.829s] Invoking command in '/home/phant0mz3ro/Documents/aurora/practice/ros2/intro-to-urdf/amr_ws/build/amr_description': CMAKE_PREFIX_PATH=${CMAKE_PREFIX_PATH}:/opt/ros/jazzy DEBUGINFOD_URLS=https://debuginfod.ubuntu.com /usr/bin/cmake --install /home/phant0mz3ro/Documents/aurora/practice/ros2/intro-to-urdf/amr_ws/build/amr_description
[2.858s] -- Install configuration: ""
[2.859s] -- Installing: /home/phant0mz3ro/Documents/aurora/practice/ros2/intro-to-urdf/amr_ws/install/amr_description/share/ament_index/resource_index/package_run_dependencies/amr_description
[2.860s] -- Installing: /home/phant0mz3ro/Documents/aurora/practice/ros2/intro-to-urdf/amr_ws/install/amr_description/share/ament_index/resource_index/parent_prefix_path/amr_description
[2.860s] -- Installing: /home/phant0mz3ro/Documents/aurora/practice/ros2/intro-to-urdf/amr_ws/install/amr_description/share/amr_description/environment/ament_prefix_path.sh
[2.861s] -- Installing: /home/phant0mz3ro/Documents/aurora/practice/ros2/intro-to-urdf/amr_ws/install/amr_description/share/amr_description/environment/ament_prefix_path.dsv
[2.862s] -- Installing: /home/phant0mz3ro/Documents/aurora/practice/ros2/intro-to-urdf/amr_ws/install/amr_description/share/amr_description/environment/path.sh
[2.862s] -- Installing: /home/phant0mz3ro/Documents/aurora/practice/ros2/intro-to-urdf/amr_ws/install/amr_description/share/amr_description/environment/path.dsv
[2.863s] -- Installing: /home/phant0mz3ro/Documents/aurora/practice/ros2/intro-to-urdf/amr_ws/install/amr_description/share/amr_description/local_setup.bash
[2.863s] -- Installing: /home/phant0mz3ro/Documents/aurora/practice/ros2/intro-to-urdf/amr_ws/install/amr_description/share/amr_description/local_setup.sh
[2.864s] -- Installing: /home/phant0mz3ro/Documents/aurora/practice/ros2/intro-to-urdf/amr_ws/install/amr_description/share/amr_description/local_setup.zsh
[2.864s] -- Installing: /home/phant0mz3ro/Documents/aurora/practice/ros2/intro-to-urdf/amr_ws/install/amr_description/share/amr_description/local_setup.dsv
[2.865s] -- Installing: /home/phant0mz3ro/Documents/aurora/practice/ros2/intro-to-urdf/amr_ws/install/amr_description/share/amr_description/package.dsv
[2.865s] -- Installing: /home/phant0mz3ro/Documents/aurora/practice/ros2/intro-to-urdf/amr_ws/install/amr_description/share/ament_index/resource_index/packages/amr_description
[2.866s] -- Installing: /home/phant0mz3ro/Documents/aurora/practice/ros2/intro-to-urdf/amr_ws/install/amr_description/share/amr_description/cmake/amr_descriptionConfig.cmake
[2.866s] -- Installing: /home/phant0mz3ro/Documents/aurora/practice/ros2/intro-to-urdf/amr_ws/install/amr_description/share/amr_description/cmake/amr_descriptionConfig-version.cmake
[2.867s] -- Installing: /home/phant0mz3ro/Documents/aurora/practice/ros2/intro-to-urdf/amr_ws/install/amr_description/share/amr_description/package.xml
[2.873s] Invoked command in '/home/phant0mz3ro/Documents/aurora/practice/ros2/intro-to-urdf/amr_ws/build/amr_description' returned '0': CMAKE_PREFIX_PATH=${CMAKE_PREFIX_PATH}:/opt/ros/jazzy DEBUGINFOD_URLS=https://debuginfod.ubuntu.com /usr/bin/cmake --install /home/phant0mz3ro/Documents/aurora/practice/ros2/intro-to-urdf/amr_ws/build/amr_description
