[0.011s] Invoking command in '/home/phant0mz3ro/Documents/aurora/practice/ros2/intro-to-urdf/amr_ws/build/amr_description': CMAKE_PREFIX_PATH=${CMAKE_PREFIX_PATH}:/opt/ros/jazzy DEBUGINFOD_URLS=https://debuginfod.ubuntu.com /usr/bin/cmake --build /home/phant0mz3ro/Documents/aurora/practice/ros2/intro-to-urdf/amr_ws/build/amr_description -- -j12 -l12
[0.036s] -- Found ament_cmake: 2.5.6 (/opt/ros/jazzy/share/ament_cmake/cmake)
[0.687s] -- Found ament_lint_auto: 0.17.5 (/opt/ros/jazzy/share/ament_lint_auto/cmake)
[0.852s] -- Added test 'flake8' to check Python code syntax and style conventions
[0.852s] -- Configured 'flake8' exclude dirs and/or files: 
[0.853s] -- Added test 'lint_cmake' to check CMake code style
[0.854s] -- Added test 'pep257' to check Python code against some of the docstring style conventions in PEP 257
[0.856s] -- Added test 'xmllint' to check XML markup files
[0.858s] -- Configuring done (0.8s)
[0.865s] -- Generating done (0.0s)
[3.563s] -- Build files have been written to: /home/phant0mz3ro/Documents/aurora/practice/ros2/intro-to-urdf/amr_ws/build/amr_description
[3.649s] Invoked command in '/home/phant0mz3ro/Documents/aurora/practice/ros2/intro-to-urdf/amr_ws/build/amr_description' returned '0': CMAKE_PREFIX_PATH=${CMAKE_PREFIX_PATH}:/opt/ros/jazzy DEBUGINFOD_URLS=https://debuginfod.ubuntu.com /usr/bin/cmake --build /home/phant0mz3ro/Documents/aurora/practice/ros2/intro-to-urdf/amr_ws/build/amr_description -- -j12 -l12
[3.691s] Invoking command in '/home/phant0mz3ro/Documents/aurora/practice/ros2/intro-to-urdf/amr_ws/build/amr_description': CMAKE_PREFIX_PATH=${CMAKE_PREFIX_PATH}:/opt/ros/jazzy DEBUGINFOD_URLS=https://debuginfod.ubuntu.com /usr/bin/cmake --install /home/phant0mz3ro/Documents/aurora/practice/ros2/intro-to-urdf/amr_ws/build/amr_description
[3.724s] -- Install configuration: ""
[3.724s] -- Installing: /home/phant0mz3ro/Documents/aurora/practice/ros2/intro-to-urdf/amr_ws/install/amr_description/share/amr_description/launch
[3.725s] -- Installing: /home/phant0mz3ro/Documents/aurora/practice/ros2/intro-to-urdf/amr_ws/install/amr_description/share/amr_description/launch/sim.launch.py
[3.726s] -- Installing: /home/phant0mz3ro/Documents/aurora/practice/ros2/intro-to-urdf/amr_ws/install/amr_description/share/amr_description/urdf
[3.726s] -- Installing: /home/phant0mz3ro/Documents/aurora/practice/ros2/intro-to-urdf/amr_ws/install/amr_description/share/amr_description/urdf/robot.urdf.xacro
[3.727s] -- Installing: /home/phant0mz3ro/Documents/aurora/practice/ros2/intro-to-urdf/amr_ws/install/amr_description/share/amr_description/urdf/amr.urdf
[3.727s] -- Up-to-date: /home/phant0mz3ro/Documents/aurora/practice/ros2/intro-to-urdf/amr_ws/install/amr_description/share/ament_index/resource_index/package_run_dependencies/amr_description
[3.729s] -- Installing: /home/phant0mz3ro/Documents/aurora/practice/ros2/intro-to-urdf/amr_ws/install/amr_description/share/ament_index/resource_index/parent_prefix_path/amr_description
[3.729s] -- Up-to-date: /home/phant0mz3ro/Documents/aurora/practice/ros2/intro-to-urdf/amr_ws/install/amr_description/share/amr_description/environment/ament_prefix_path.sh
[3.730s] -- Up-to-date: /home/phant0mz3ro/Documents/aurora/practice/ros2/intro-to-urdf/amr_ws/install/amr_description/share/amr_description/environment/ament_prefix_path.dsv
[3.730s] -- Up-to-date: /home/phant0mz3ro/Documents/aurora/practice/ros2/intro-to-urdf/amr_ws/install/amr_description/share/amr_description/environment/path.sh
[3.731s] -- Up-to-date: /home/phant0mz3ro/Documents/aurora/practice/ros2/intro-to-urdf/amr_ws/install/amr_description/share/amr_description/environment/path.dsv
[3.731s] -- Up-to-date: /home/phant0mz3ro/Documents/aurora/practice/ros2/intro-to-urdf/amr_ws/install/amr_description/share/amr_description/local_setup.bash
[3.731s] -- Up-to-date: /home/phant0mz3ro/Documents/aurora/practice/ros2/intro-to-urdf/amr_ws/install/amr_description/share/amr_description/local_setup.sh
[3.731s] -- Up-to-date: /home/phant0mz3ro/Documents/aurora/practice/ros2/intro-to-urdf/amr_ws/install/amr_description/share/amr_description/local_setup.zsh
[3.732s] -- Up-to-date: /home/phant0mz3ro/Documents/aurora/practice/ros2/intro-to-urdf/amr_ws/install/amr_description/share/amr_description/local_setup.dsv
[3.733s] -- Up-to-date: /home/phant0mz3ro/Documents/aurora/practice/ros2/intro-to-urdf/amr_ws/install/amr_description/share/amr_description/package.dsv
[3.734s] -- Up-to-date: /home/phant0mz3ro/Documents/aurora/practice/ros2/intro-to-urdf/amr_ws/install/amr_description/share/ament_index/resource_index/packages/amr_description
[3.735s] -- Up-to-date: /home/phant0mz3ro/Documents/aurora/practice/ros2/intro-to-urdf/amr_ws/install/amr_description/share/amr_description/cmake/amr_descriptionConfig.cmake
[3.736s] -- Up-to-date: /home/phant0mz3ro/Documents/aurora/practice/ros2/intro-to-urdf/amr_ws/install/amr_description/share/amr_description/cmake/amr_descriptionConfig-version.cmake
[3.737s] -- Up-to-date: /home/phant0mz3ro/Documents/aurora/practice/ros2/intro-to-urdf/amr_ws/install/amr_description/share/amr_description/package.xml
[3.739s] Invoked command in '/home/phant0mz3ro/Documents/aurora/practice/ros2/intro-to-urdf/amr_ws/build/amr_description' returned '0': CMAKE_PREFIX_PATH=${CMAKE_PREFIX_PATH}:/opt/ros/jazzy DEBUGINFOD_URLS=https://debuginfod.ubuntu.com /usr/bin/cmake --install /home/phant0mz3ro/Documents/aurora/practice/ros2/intro-to-urdf/amr_ws/build/amr_description
